// Vitest Snapshot v1, https://vitest.dev/guide/snapshot.html

exports[`orphan detection and severity scoring > canonical consolidation, robots exclusion, and deterministic JSON output snapshot 1`] = `
"[
  {
    "url": "https://example.com/canonical",
    "depth": 1,
    "inLinks": 0,
    "outLinks": 0,
    "status": 200,
    "orphan": true,
    "orphanType": "near",
    "orphanSeverity": 80,
    "impactLevel": "high"
  },
  {
    "url": "https://example.com/variant?a=1",
    "depth": 1,
    "inLinks": 1,
    "outLinks": 0,
    "status": 200,
    "canonicalUrl": "https://example.com/canonical",
    "orphan": true,
    "orphanType": "near",
    "orphanSeverity": 80,
    "impactLevel": "high"
  },
  {
    "url": "https://example.com/blocked",
    "depth": 1,
    "inLinks": 0,
    "outLinks": 0,
    "status": 200,
    "robotsExcluded": true,
    "orphan": false
  },
  {
    "url": "https://example.com/redirect-target",
    "depth": 1,
    "inLinks": 1,
    "outLinks": 0,
    "status": 200,
    "orphan": true,
    "orphanType": "near",
    "orphanSeverity": 80,
    "impactLevel": "high"
  }
]"
`;
